    0..6     KwModule      "module"
    6..7     Whitespace    " "
    7..12    Ident         "hello"
   12..14    Whitespace    "\n\n"
   14..34    DocComment    "/// Greet the world."
   34..35    Whitespace    "\n"
   35..38    KwPub         "pub"
   38..39    Whitespace    " "
   39..41    KwFn          "fn"
   41..42    Whitespace    " "
   42..46    Ident         "main"
   46..47    OpenParen     "("
   47..48    CloseParen    ")"
   48..49    Whitespace    " "
   49..51    ThinArrow     "->"
   51..52    Whitespace    " "
   52..55    Ident         "Int"
   55..56    Whitespace    " "
   56..57    OpenBrace     "{"
   57..62    Whitespace    "\n    "
   62..85    LineComment   "// A friendly greeting."
   85..90    Whitespace    "\n    "
   90..93    KwLet         "let"
   93..94    Whitespace    " "
   94..102   Ident         "greeting"
  102..103   Whitespace    " "
  103..104   Eq            "="
  104..105   Whitespace    " "
  105..122   StringLiteral "\"Hello, world!\\n\""
  122..123   Semi          ";"
  123..128   Whitespace    "\n    "
  128..131   KwLet         "let"
  131..132   Whitespace    " "
  132..138   Ident         "answer"
  138..139   Whitespace    " "
  139..140   Eq            "="
  140..141   Whitespace    " "
  141..143   IntLiteral    "42"
  143..144   Semi          ";"
  144..149   Whitespace    "\n    "
  149..151   KwIf          "if"
  151..152   Whitespace    " "
  152..158   Ident         "answer"
  158..159   Whitespace    " "
  159..161   GtEq          ">="
  161..162   Whitespace    " "
  162..164   IntLiteral    "40"
  164..165   Whitespace    " "
  165..167   AmpAmp        "&&"
  167..168   Whitespace    " "
  168..174   Ident         "answer"
  174..175   Whitespace    " "
  175..177   NotEq         "!="
  177..178   Whitespace    " "
  178..180   IntLiteral    "43"
  180..181   Whitespace    " "
  181..182   OpenBrace     "{"
  182..191   Whitespace    "\n        "
  191..197   KwReturn      "return"
  197..198   Whitespace    " "
  198..199   IntLiteral    "0"
  199..200   Semi          ";"
  200..205   Whitespace    "\n    "
  205..206   CloseBrace    "}"
  206..211   Whitespace    "\n    "
  211..217   KwReturn      "return"
  217..218   Whitespace    " "
  218..219   IntLiteral    "1"
  219..220   Semi          ";"
  220..221   Whitespace    "\n"
  221..222   CloseBrace    "}"
  222..223   Whitespace    "\n"
  223..223   Eof           ""
