    0..6     KwModule      "module"
    6..7     Whitespace    " "
    7..15    Ident         "showcase"
   15..17    Whitespace    "\n\n"
   17..47    LineComment   "// Every keyword in one place."
   47..48    Whitespace    "\n"
   48..54    KwImport      "import"
   54..55    Whitespace    " "
   55..58    KwPub         "pub"
   58..59    Whitespace    " "
   59..61    KwFn          "fn"
   61..62    Whitespace    " "
   62..65    KwLet         "let"
   65..66    Whitespace    " "
   66..69    KwVar         "var"
   69..70    Whitespace    " "
   70..75    KwConst       "const"
   75..76    Whitespace    " "
   76..82    KwStruct      "struct"
   82..83    Whitespace    " "
   83..87    KwEnum        "enum"
   87..88    Whitespace    " "
   88..97    KwInterface   "interface"
   97..98    Whitespace    " "
   98..102   KwImpl        "impl"
  102..103   Whitespace    " "
  103..108   KwWhere       "where"
  108..109   Whitespace    "\n"
  109..111   KwIf          "if"
  111..112   Whitespace    " "
  112..116   KwElse        "else"
  116..117   Whitespace    " "
  117..122   KwMatch       "match"
  122..123   Whitespace    " "
  123..126   KwFor         "for"
  126..127   Whitespace    " "
  127..129   KwIn          "in"
  129..130   Whitespace    " "
  130..135   KwWhile       "while"
  135..136   Whitespace    " "
  136..140   KwLoop        "loop"
  140..141   Whitespace    " "
  141..146   KwBreak       "break"
  146..147   Whitespace    " "
  147..155   KwContinue    "continue"
  155..156   Whitespace    " "
  156..162   KwReturn      "return"
  162..163   Whitespace    "\n"
  163..167   KwTake        "take"
  167..168   Whitespace    " "
  168..171   KwMut         "mut"
  171..172   Whitespace    " "
  172..176   KwMove        "move"
  176..177   Whitespace    " "
  177..180   KwBox         "Box"
  180..181   Whitespace    " "
  181..187   KwShared      "Shared"
  187..188   Whitespace    " "
  188..192   KwWeak        "Weak"
  192..193   Whitespace    "\n"
  193..197   KwSpec        "spec"
  197..198   Whitespace    " "
  198..203   KwGiven       "given"
  203..204   Whitespace    " "
  204..208   KwWhen        "when"
  208..209   Whitespace    " "
  209..213   KwThen        "then"
  213..214   Whitespace    " "
  214..220   KwAssert      "assert"
  220..221   Whitespace    " "
  221..227   KwUnsafe      "unsafe"
  227..228   Whitespace    " "
  228..230   KwAs          "as"
  230..231   Whitespace    " "
  231..235   BoolLiteral   "true"
  235..236   Whitespace    " "
  236..241   BoolLiteral   "false"
  241..242   Whitespace    " "
  242..246   KwSelfValue   "self"
  246..247   Whitespace    " "
  247..251   KwSelfType    "Self"
  251..253   Whitespace    "\n\n"
  253..285   LineComment   "// Identifiers and the wildcard."
  285..286   Whitespace    "\n"
  286..291   Ident         "plain"
  291..292   Whitespace    " "
  292..300   Ident         "_leading"
  300..301   Whitespace    " "
  301..302   Underscore    "_"
  302..303   Whitespace    " "
  303..305   Ident         "x1"
  305..307   Whitespace    "\n\n"
  307..319   LineComment   "// Literals."
  319..320   Whitespace    "\n"
  320..321   IntLiteral    "0"
  321..322   Whitespace    " "
  322..324   IntLiteral    "42"
  324..325   Whitespace    " "
  325..334   IntLiteral    "1_000_000"
  334..335   Whitespace    " "
  335..340   IntLiteral    "255u8"
  340..341   Whitespace    " "
  341..345   IntLiteral    "0xFF"
  345..346   Whitespace    " "
  346..357   IntLiteral    "0xDE_AD_i32"
  357..358   Whitespace    " "
  358..362   IntLiteral    "0o17"
  362..363   Whitespace    " "
  363..369   IntLiteral    "0b1010"
  369..370   Whitespace    " "
  370..376   IntLiteral    "3usize"
  376..377   Whitespace    "\n"
  377..380   FloatLiteral  "1.0"
  380..381   Whitespace    " "
  381..384   FloatLiteral  "0.5"
  384..385   Whitespace    " "
  385..391   FloatLiteral  "2.5e10"
  391..392   Whitespace    " "
  392..396   FloatLiteral  "7e-2"
  396..397   Whitespace    " "
  397..403   FloatLiteral  "1.5f32"
  403..404   Whitespace    " "
  404..415   FloatLiteral  "6.02e+23f64"
  415..416   Whitespace    "\n"
  416..419   CharLiteral   "'a'"
  419..420   Whitespace    " "
  420..424   CharLiteral   "'\\n'"
  424..425   Whitespace    " "
  425..433   CharLiteral   "'\\u{41}'"
  433..434   Whitespace    " "
  434..440   StringLiteral "\"text\""
  440..441   Whitespace    " "
  441..474   StringLiteral "\"escaped \\\"quote\\\" and \\u{1F600}\""
  474..476   Whitespace    "\n\n"
  476..512   LineComment   "// Punctuation, maximal munch first."
  512..513   Whitespace    "\n"
  513..515   ThinArrow     "->"
  515..516   Whitespace    " "
  516..518   FatArrow      "=>"
  518..519   Whitespace    " "
  519..521   ColonColon    "::"
  521..522   Whitespace    " "
  522..524   DotDot        ".."
  524..525   Whitespace    " "
  525..527   EqEq          "=="
  527..528   Whitespace    " "
  528..530   NotEq         "!="
  530..531   Whitespace    " "
  531..533   LtEq          "<="
  533..534   Whitespace    " "
  534..536   GtEq          ">="
  536..537   Whitespace    " "
  537..539   AmpAmp        "&&"
  539..540   Whitespace    " "
  540..542   PipePipe      "||"
  542..543   Whitespace    "\n"
  543..544   Lt            "<"
  544..545   Whitespace    " "
  545..546   Gt            ">"
  546..547   Whitespace    " "
  547..548   Bang          "!"
  548..549   Whitespace    " "
  549..550   Plus          "+"
  550..551   Whitespace    " "
  551..552   Minus         "-"
  552..553   Whitespace    " "
  553..554   Star          "*"
  554..555   Whitespace    " "
  555..556   Slash         "/"
  556..557   Whitespace    " "
  557..558   Percent       "%"
  558..559   Whitespace    " "
  559..560   Eq            "="
  560..561   Whitespace    " "
  561..562   Question      "?"
  562..563   Whitespace    " "
  563..564   Dot           "."
  564..565   Whitespace    "\n"
  565..566   OpenParen     "("
  566..567   Whitespace    " "
  567..568   CloseParen    ")"
  568..569   Whitespace    " "
  569..570   OpenBrace     "{"
  570..571   Whitespace    " "
  571..572   CloseBrace    "}"
  572..573   Whitespace    " "
  573..574   OpenBracket   "["
  574..575   Whitespace    " "
  575..576   CloseBracket  "]"
  576..577   Whitespace    " "
  577..578   Comma         ","
  578..579   Whitespace    " "
  579..580   Semi          ";"
  580..581   Whitespace    " "
  581..582   Colon         ":"
  582..584   Whitespace    "\n\n"
  584..619   DocComment    "/// Labels are experimental (§16)."
  619..620   Whitespace    "\n"
  620..626   LifetimeLabel "'outer"
  626..627   Colon         ":"
  627..628   Whitespace    " "
  628..632   KwLoop        "loop"
  632..633   Whitespace    " "
  633..634   OpenBrace     "{"
  634..635   Whitespace    " "
  635..640   KwBreak       "break"
  640..641   Whitespace    " "
  641..647   LifetimeLabel "'outer"
  647..648   Semi          ";"
  648..649   Whitespace    " "
  649..650   CloseBrace    "}"
  650..651   Whitespace    "\n"
  651..651   Eof           ""
