    0..6     KwModule      "module"
    6..7     Whitespace    " "
    7..15    Ident         "näkymä"
   15..17    Whitespace    "\n\n"
   17..65    DocComment    "/// Tervehdys — a greeting in several scripts."
   65..66    Whitespace    "\n"
   66..68    KwFn          "fn"
   68..69    Whitespace    " "
   69..78    Ident         "tervehdys"
   78..79    OpenParen     "("
   79..80    CloseParen    ")"
   80..81    Whitespace    " "
   81..83    ThinArrow     "->"
   83..84    Whitespace    " "
   84..90    Ident         "String"
   90..91    Whitespace    " "
   91..92    OpenBrace     "{"
   92..97    Whitespace    "\n    "
   97..100   KwLet         "let"
  100..101   Whitespace    " "
  101..110   Ident         "päivää"
  110..111   Whitespace    " "
  111..112   Eq            "="
  112..113   Whitespace    " "
  113..132   StringLiteral "\"hyvää päivää\""
  132..133   Semi          ";"
  133..138   Whitespace    "\n    "
  138..141   KwLet         "let"
  141..142   Whitespace    " "
  142..148   Ident         "変数"
  148..149   Whitespace    " "
  149..150   Eq            "="
  150..151   Whitespace    " "
  151..168   StringLiteral "\"こんにちは\""
  168..169   Semi          ";"
  169..174   Whitespace    "\n    "
  174..177   KwLet         "let"
  177..178   Whitespace    " "
  178..190   Ident         "привет"
  190..191   Whitespace    " "
  191..192   Eq            "="
  192..193   Whitespace    " "
  193..197   CharLiteral   "'п'"
  197..198   Semi          ";"
  198..203   Whitespace    "\n    "
  203..209   KwReturn      "return"
  209..210   Whitespace    " "
  210..219   Ident         "päivää"
  219..220   Semi          ";"
  220..221   Whitespace    "\n"
  221..222   CloseBrace    "}"
  222..223   Whitespace    "\n"
  223..223   Eof           ""
